[    0.000000] Linux version 4.15.0-212-generic (buildd@lcy02-amd64-083) (gcc version 7.5.0 (Ubuntu 7.5.0-3ubuntu1~18.04)) #223-Ubuntu SMP Tue May 23 13:09:22 UTC 2023 (Ubuntu 4.15.0-212.223-generic 4.15.18)
[    0.000000] Command line: BOOT_IMAGE=/boot/vmlinuz-4.15.0-212-generic root=LABEL=cloudimg-rootfs ro console=tty1 console=ttyS0
[    0.000000] KERNEL supported cpus:
[    0.000000]   Intel GenuineIntel
[    0.000000]   AMD AuthenticAMD
[    0.000000]   Centaur CentaurHauls
[    0.000000] x86/fpu: Supporting XSAVE feature 0x001: 'x87 floating point registers'
[    0.000000] x86/fpu: Supporting XSAVE feature 0x002: 'SSE registers'
[    0.000000] x86/fpu: Supporting XSAVE feature 0x004: 'AVX registers'
[    0.000000] x86/fpu: xstate_offset[2]:  576, xstate_sizes[2]:  256
[    0.000000] x86/fpu: Enabled xstate features 0x7, context size is 832 bytes, using 'standard' format.
[    0.000000] e820: BIOS-provided physical RAM map:
[    0.000000] BIOS-e820: [mem 0x0000000000000000-0x000000000009fbff] usable
[    0.000000] BIOS-e820: [mem 0x000000000009fc00-0x000000000009ffff] reserved
[    0.000000] BIOS-e820: [mem 0x00000000000f0000-0x00000000000fffff] reserved
[    0.000000] BIOS-e820: [mem 0x0000000000100000-0x000000003ffeffff] usable
[    0.000000] BIOS-e820: [mem 0x000000003fff0000-0x000000003fffffff] ACPI data
[    0.000000] BIOS-e820: [mem 0x00000000fec00000-0x00000000fec00fff] reserved
[    0.000000] BIOS-e820: [mem 0x00000000fee00000-0x00000000fee00fff] reserved
[    0.000000] BIOS-e820: [mem 0x00000000fffc0000-0x00000000ffffffff] reserved
[    0.000000] NX (Execute Disable) protection: active
[    0.000000] SMBIOS 2.5 present.
[    0.000000] DMI: innotek GmbH VirtualBox/VirtualBox, BIOS VirtualBox 12/01/2006
[    0.000000] Hypervisor detected: KVM
[    0.000000] e820: last_pfn = 0x3fff0 max_arch_pfn = 0x400000000
[    0.000000] MTRR: Disabled
[    0.000000] x86/PAT: MTRRs disabled, skipping PAT initialization too.
[    0.000000] CPU MTRRs all blank - virtualized system.
[    0.000000] x86/PAT: Configuration [0-7]: WB  WT  UC- UC  WB  WT  UC- UC  
[    0.000000] found SMP MP-table at [mem 0x0009fff0-0x0009ffff]
[    0.000000] Scanning 1 areas for low memory corruption
[    0.000000] RAMDISK: [mem 0x359cb000-0x36cdcfff]
[    0.000000] ACPI: Early table checksum verification disabled
[    0.000000] ACPI: RSDP 0x00000000000E0000 000024 (v02 VBOX  )
[    0.000000] ACPI: XSDT 0x000000003FFF0030 00003C (v01 VBOX   VBOXXSDT 00000001 ASL  00000061)
[    0.000000] ACPI: FACP 0x000000003FFF00F0 0000F4 (v04 VBOX   VBOXFACP 00000001 ASL  00000061)
[    0.000000] ACPI: DSDT 0x000000003FFF0610 002353 (v02 VBOX   VBOXBIOS 00000002 INTL 20210930)
[    0.000000] ACPI: FACS 0x000000003FFF0200 000040
[    0.000000] ACPI: FACS 0x000000003FFF0200 000040
[    0.000000] ACPI: APIC 0x000000003FFF0240 00005C (v02 VBOX   VBOXAPIC 00000001 ASL  00000061)
[    0.000000] ACPI: SSDT 0x000000003FFF02A0 00036C (v01 VBOX   VBOXCPUT 00000002 INTL 20210930)
[    0.000000] ACPI: Reserving FACP table memory at [mem 0x3fff00f0-0x3fff01e3]
[    0.000000] ACPI: Reserving DSDT table memory at [mem 0x3fff0610-0x3fff2962]
[    0.000000] ACPI: Reserving FACS table memory at [mem 0x3fff0200-0x3fff023f]
[    0.000000] ACPI: Reserving FACS table memory at [mem 0x3fff0200-0x3fff023f]
[    0.000000] ACPI: Reserving APIC table memory at [mem 0x3fff0240-0x3fff029b]
[    0.000000] ACPI: Reserving SSDT table memory at [mem 0x3fff02a0-0x3fff060b]
[    0.000000] No NUMA configuration found
[    0.000000] Faking a node at [mem 0x0000000000000000-0x000000003ffeffff]
[    0.000000] NODE_DATA(0) allocated [mem 0x3ffc5000-0x3ffeffff]
[    0.000000] kvm-clock: cpu 0, msr 0:3ff44001, primary cpu clock
[    0.000000] kvm-clock: Using msrs 4b564d01 and 4b564d00
[    0.000000] kvm-clock: using sched offset of 3359335024 cycles
[    0.000000] clocksource: kvm-clock: mask: 0xffffffffffffffff max_cycles: 0x1cd42e4dffb, max_idle_ns: 881590591483 ns
[    0.000000] Zone ranges:
[    0.000000]   DMA      [mem 0x0000000000001000-0x0000000000ffffff]
[    0.000000]   DMA32    [mem 0x0000000001000000-0x000000003ffeffff]
[    0.000000]   Normal   empty
[    0.000000]   Device   empty
[    0.000000] Movable zone start for each node
[    0.000000] Early memory node ranges
[    0.000000]   node   0: [mem 0x0000000000001000-0x000000000009efff]
[    0.000000]   node   0: [mem 0x0000000000100000-0x000000003ffeffff]
[    0.000000] Reserved but unavailable: 104 pages
[    0.000000] Initmem setup node 0 [mem 0x0000000000001000-0x000000003ffeffff]
[    0.000000] ACPI: PM-Timer IO Port: 0x4008
[    0.000000] IOAPIC[0]: apic_id 2, version 32, address 0xfec00000, GSI 0-23
[    0.000000] ACPI: INT_SRC_OVR (bus 0 bus_irq 0 global_irq 2 dfl dfl)
[    0.000000] ACPI: INT_SRC_OVR (bus 0 bus_irq 9 global_irq 9 low level)
[    0.000000] Using ACPI (MADT) for SMP configuration information
[    0.000000] smpboot: Allowing 2 CPUs, 0 hotplug CPUs
[    0.000000] PM: Registered nosave memory: [mem 0x00000000-0x00000fff]
[    0.000000] PM: Registered nosave memory: [mem 0x0009f000-0x0009ffff]
[    0.000000] PM: Registered nosave memory: [mem 0x000a0000-0x000effff]
[    0.000000] PM: Registered nosave memory: [mem 0x000f0000-0x000fffff]
[    0.000000] e820: [mem 0x40000000-0xfebfffff] available for PCI devices
[    0.000000] Booting paravirtualized kernel on KVM
[    0.000000] clocksource: refined-jiffies: mask: 0xffffffff max_cycles: 0xffffffff, max_idle_ns: 7645519600211568 ns
[    0.000000] setup_percpu: NR_CPUS:8192 nr_cpumask_bits:2 nr_cpu_ids:2 nr_node_ids:1
[    0.000000] percpu: Embedded 50 pages/cpu s167936 r8192 d28672 u1048576
[    0.000000] PV qspinlock hash table entries: 256 (order: 0, 4096 bytes)
[    0.000000] Built 1 zonelists, mobility grouping on.  Total pages: 257913
[    0.000000] Policy zone: DMA32
[    0.000000] Kernel command line: BOOT_IMAGE=/boot/vmlinuz-4.15.0-212-generic root=LABEL=cloudimg-rootfs ro console=tty1 console=ttyS0
[    0.000000] Memory: 982644K/1048120K available (12300K kernel code, 2477K rwdata, 4324K rodata, 2480K init, 2720K bss, 65476K reserved, 0K cma-reserved)
[    0.000000] SLUB: HWalign=64, Order=0-3, MinObjects=0, CPUs=2, Nodes=1
[    0.000000] Kernel/User page tables isolation: enabled
[    0.000000] ftrace: allocating 39508 entries in 155 pages
[    0.004000] Hierarchical RCU implementation.
[    0.004000] 	RCU restricting CPUs from NR_CPUS=8192 to nr_cpu_ids=2.
[    0.004000] 	Tasks RCU enabled.
[    0.004000] RCU: Adjusting geometry for rcu_fanout_leaf=16, nr_cpu_ids=2
[    0.004000] NR_IRQS: 524544, nr_irqs: 440, preallocated irqs: 16
[    0.004000] random: crng init done
[    0.004000] Console: colour VGA+ 80x25
[    0.004000] console [tty1] enabled
[    0.004000] console [ttyS0] enabled
[    0.004000] ACPI: Core revision 20170831
[    0.004000] ACPI: 2 ACPI AML tables successfully acquired and loaded
[    0.004000] APIC: Switch to symmetric I/O mode setup
[    0.004501] x2apic enabled
[    0.007716] Switched APIC routing to physical x2apic.
[    0.012000] ..TIMER: vector=0x30 apic1=0 pin1=2 apic2=-1 pin2=-1
[    0.012003] tsc: Detected 2592.124 MHz processor
[    0.016009] Calibrating delay loop (skipped) preset value.. 5184.24 BogoMIPS (lpj=10368496)
[    0.020002] pid_max: default: 32768 minimum: 301
[    0.024035] Security Framework initialized
[    0.026474] Yama: becoming mindful.
[    0.028035] AppArmor: AppArmor initialized
[    0.033118] Dentry cache hash table entries: 131072 (order: 8, 1048576 bytes)
[    0.036633] Inode-cache hash table entries: 65536 (order: 7, 524288 bytes)
[    0.040030] Mount-cache hash table entries: 2048 (order: 2, 16384 bytes)
[    0.044024] Mountpoint-cache hash table entries: 2048 (order: 2, 16384 bytes)
[    0.049202] Last level iTLB entries: 4KB 64, 2MB 8, 4MB 8
[    0.052002] Last level dTLB entries: 4KB 64, 2MB 0, 4MB 0, 1GB 4
[    0.056016] Spectre V1 : Mitigation: usercopy/swapgs barriers and __user pointer sanitization
[    0.060002] Spectre V2 : Mitigation: Retpolines
[    0.064002] Spectre V2 : Spectre v2 / SpectreRSB mitigation: Filling RSB on context switch
[    0.068001] Spectre V2 : Spectre v2 / SpectreRSB : Filling RSB on VMEXIT
[    0.072002] RETBleed: WARNING: Spectre v2 mitigation leaves CPU vulnerable to RETBleed attacks, data leaks possible!
[    0.076002] RETBleed: Vulnerable
[    0.080002] Speculative Store Bypass: Vulnerable
[    0.084092] MDS: Mitigation: Clear CPU buffers
[    0.086816] MMIO Stale Data: Mitigation: Clear CPU buffers
[    0.088016] SRBDS: Unknown: Dependent on hypervisor status
[    0.092150] Freeing SMP alternatives memory: 36K
[    0.208571] smpboot: CPU0: Intel(R) Core(TM) i7-9750H CPU @ 2.60GHz (family: 0x6, model: 0x9e, stepping: 0xa)
[    0.212180] Performance Events: unsupported p6 CPU model 158 no PMU driver, software events only.
[    0.216060] Hierarchical SRCU implementation.
[    0.220518] NMI watchdog: Perf event create on CPU 0 failed with -2
[    0.224002] NMI watchdog: Perf NMI watchdog permanently disabled
[    0.228131] smp: Bringing up secondary CPUs ...
[    0.231090] x86: Booting SMP configuration:
[    0.232002] .... node  #0, CPUs:      #1
[    0.004000] kvm-clock: cpu 1, msr 0:3ff44041, secondary cpu clock
[    0.236115] smp: Brought up 1 node, 2 CPUs
[    0.238491] smpboot: Max logical packages: 1
[    0.240004] smpboot: Total of 2 processors activated (10368.49 BogoMIPS)
[    0.244188] devtmpfs: initialized
[    0.248060] x86/mm: Memory block size: 128MB
[    0.250732] evm: security.selinux
[    0.252003] evm: security.SMACK64
[    0.254004] evm: security.SMACK64EXEC
[    0.256002] evm: security.SMACK64TRANSMUTE
[    0.258398] evm: security.SMACK64MMAP
[    0.260002] evm: security.apparmor
[    0.262075] evm: security.ima
[    0.264002] evm: security.capability
[    0.266225] clocksource: jiffies: mask: 0xffffffff max_cycles: 0xffffffff, max_idle_ns: 7645041785100000 ns
[    0.268032] futex hash table entries: 512 (order: 3, 32768 bytes)
[    0.272081] pinctrl core: initialized pinctrl subsystem
[    0.275351] RTC time: 23:47:04, date: 12/25/24
[    0.276324] NET: Registered protocol family 16
[    0.280069] audit: initializing netlink subsys (disabled)
[    0.283184] audit: type=2000 audit(1735170428.981:1): state=initialized audit_enabled=0 res=1
[    0.284005] cpuidle: using governor ladder
[    0.286700] cpuidle: using governor menu
[    0.288035] ACPI: bus type PCI registered
[    0.292002] acpiphp: ACPI Hot Plug PCI Controller Driver version: 0.5
[    0.296107] PCI: Using configuration type 1 for base access
[    0.300156] HugeTLB registered 2.00 MiB page size, pre-allocated 0 pages
[    0.304153] ACPI: Added _OSI(Module Device)
[    0.308007] ACPI: Added _OSI(Processor Device)
[    0.310585] ACPI: Added _OSI(3.0 _SCP Extensions)
[    0.312002] ACPI: Added _OSI(Processor Aggregator Device)
[    0.316003] ACPI: Added _OSI(Linux-Dell-Video)
[    0.318613] ACPI: Added _OSI(Linux-Lenovo-NV-HDMI-Audio)
[    0.320003] ACPI: Added _OSI(Linux-HPI-Hybrid-Graphics)
[    0.324602] ACPI: Executed 1 blocks of module-level executable AML code
[    0.333316] ACPI: Interpreter enabled
[    0.335587] ACPI: (supports S0 S5)
[    0.336002] ACPI: Using IOAPIC for interrupt routing
[    0.340342] PCI: Using host bridge windows from ACPI; if necessary, use "pci=nocrs" and report a bug
[    0.344209] ACPI: Enabled 2 GPEs in block 00 to 07
[    0.357874] ACPI: PCI Root Bridge [PCI0] (domain 0000 [bus 00-ff])
[    0.360006] acpi PNP0A03:00: _OSC: OS supports [ASPM ClockPM Segments MSI]
[    0.364679] acpi PNP0A03:00: _OSC: not requesting OS control; OS requires [ExtendedConfig ASPM ClockPM MSI]
[    0.368009] acpi PNP0A03:00: fail to add MMCONFIG information, can't access extended PCI configuration space under this bridge.
[    0.372610] PCI host bridge to bus 0000:00
[    0.376003] pci_bus 0000:00: root bus resource [io  0x0000-0x0cf7 window]
[    0.380003] pci_bus 0000:00: root bus resource [io  0x0d00-0xffff window]
[    0.384003] pci_bus 0000:00: root bus resource [mem 0x000a0000-0x000bffff window]
[    0.388003] pci_bus 0000:00: root bus resource [mem 0x40000000-0xfdffffff window]
[    0.392003] pci_bus 0000:00: root bus resource [bus 00-ff]
[    0.401751] pci 0000:00:01.1: legacy IDE quirk: reg 0x10: [io  0x01f0-0x01f7]
[    0.404002] pci 0000:00:01.1: legacy IDE quirk: reg 0x14: [io  0x03f6]
[    0.408002] pci 0000:00:01.1: legacy IDE quirk: reg 0x18: [io  0x0170-0x0177]
[    0.412003] pci 0000:00:01.1: legacy IDE quirk: reg 0x1c: [io  0x0376]
[    0.471350] pci 0000:00:07.0: quirk: [io  0x4000-0x403f] claimed by PIIX4 ACPI
[    0.472032] pci 0000:00:07.0: quirk: [io  0x4100-0x410f] claimed by PIIX4 SMB
[    0.485945] ACPI: PCI Interrupt Link [LNKA] (IRQs 5 9 10 *11)
[    0.488466] ACPI: PCI Interrupt Link [LNKB] (IRQs 5 9 *10 11)
[    0.492174] ACPI: PCI Interrupt Link [LNKC] (IRQs 5 *9 10 11)
[    0.496174] ACPI: PCI Interrupt Link [LNKD] (IRQs 5 9 10 *11)
[    0.499849] SCSI subsystem initialized
[    0.500109] pci 0000:00:02.0: vgaarb: setting as boot VGA device
[    0.503499] pci 0000:00:02.0: vgaarb: VGA device added: decodes=io+mem,owns=io+mem,locks=none
[    0.504004] pci 0000:00:02.0: vgaarb: bridge control possible
[    0.508002] vgaarb: loaded
[    0.509697] ACPI: bus type USB registered
[    0.512014] usbcore: registered new interface driver usbfs
[    0.516016] usbcore: registered new interface driver hub
[    0.519045] usbcore: registered new device driver usb
[    0.520085] EDAC MC: Ver: 3.0.0
[    0.524584] PCI: Using ACPI for IRQ routing
[    0.528027] NetLabel: Initializing
[    0.530073] NetLabel:  domain hash size = 128
[    0.532002] NetLabel:  protocols = UNLABELED CIPSOv4 CALIPSO
[    0.535218] NetLabel:  unlabeled traffic allowed by default
[    0.536119] clocksource: Switched to clocksource kvm-clock
[    0.556821] VFS: Disk quotas dquot_6.6.0
[    0.559426] VFS: Dquot-cache hash table entries: 512 (order 0, 4096 bytes)
[    0.563776] AppArmor: AppArmor Filesystem Enabled
[    0.566728] pnp: PnP ACPI init
[    0.570686] pnp: PnP ACPI: found 3 devices
[    0.588994] clocksource: acpi_pm: mask: 0xffffff max_cycles: 0xffffff, max_idle_ns: 2085701024 ns
[    0.594032] NET: Registered protocol family 2
[    0.596787] IP idents hash table entries: 16384 (order: 5, 131072 bytes)
[    0.600932] TCP established hash table entries: 8192 (order: 4, 65536 bytes)
[    0.604992] TCP bind hash table entries: 8192 (order: 5, 131072 bytes)
[    0.608832] TCP: Hash tables configured (established 8192 bind 8192)
[    0.612593] UDP hash table entries: 512 (order: 2, 16384 bytes)
[    0.615944] UDP-Lite hash table entries: 512 (order: 2, 16384 bytes)
[    0.619588] NET: Registered protocol family 1
[    0.622170] pci 0000:00:00.0: Limiting direct PCI/PCI transfers
[    0.625608] pci 0000:00:01.0: Activating ISA DMA hang workarounds
[    0.629207] pci 0000:00:02.0: Video device with shadowed ROM at [mem 0x000c0000-0x000dffff]
[    0.634164] Unpacking initramfs...
[    0.933478] Freeing initrd memory: 19528K
[    0.936623] clocksource: tsc: mask: 0xffffffffffffffff max_cycles: 0x255d2bb3129, max_idle_ns: 440795204883 ns
[    0.942324] platform rtc_cmos: registered platform RTC device (no PNP device found)
[    0.946736] Scanning for low memory corruption every 60 seconds
[    0.951212] Initialise system trusted keyrings
[    0.953826] Key type blacklist registered
[    0.956483] workingset: timestamp_bits=36 max_order=18 bucket_order=0
[    0.961565] zbud: loaded
[    0.963758] squashfs: version 4.0 (2009/01/31) Phillip Lougher
[    0.967873] fuse init (API version 7.26)
[    0.979738] Key type asymmetric registered
[    0.982223] Asymmetric key parser 'x509' registered
[    0.985138] Block layer SCSI generic (bsg) driver version 0.4 loaded (major 246)
[    0.989565] io scheduler noop registered
[    0.991900] io scheduler deadline registered
[    0.994529] io scheduler cfq registered (default)
[    0.998153] ACPI: AC Adapter [AC] (on-line)
[    1.000803] input: Power Button as /devices/LNXSYSTM:00/LNXPWRBN:00/input/input0
[    1.005357] ACPI: Power Button [PWRF]
[    1.007784] input: Sleep Button as /devices/LNXSYSTM:00/LNXSLPBN:00/input/input1
[    1.012271] ACPI: Sleep Button [SLPF]
[    1.016274] Serial: 8250/16550 driver, 32 ports, IRQ sharing enabled
[    1.016639] ACPI: Battery Slot [BAT0] (battery present)
[    1.023365] 00:02: ttyS0 at I/O 0x3f8 (irq = 4, base_baud = 115200) is a 16550A
[    1.023365] Linux agpgart interface v0.103
[    1.064533] loop: module loaded
[    1.068524] scsi host0: ata_piix
[    1.070969] scsi host1: ata_piix
[    1.073135] ata1: PATA max UDMA/33 cmd 0x1f0 ctl 0x3f6 bmdma 0xd000 irq 14
[    1.077290] ata2: PATA max UDMA/33 cmd 0x170 ctl 0x376 bmdma 0xd008 irq 15
[    1.081244] tun: Universal TUN/TAP device driver, 1.6
[    1.084890] PPP generic driver version 2.4.2
[    1.087673] ehci_hcd: USB 2.0 'Enhanced' Host Controller (EHCI) Driver
[    1.088850] ehci-pci: EHCI PCI platform driver
[    1.088850] ehci-platform: EHCI generic platform driver
[    1.097773] ohci_hcd: USB 1.1 'Open' Host Controller (OHCI) Driver
[    1.101580] ohci-pci: OHCI PCI platform driver
[    1.105051] ohci-platform: OHCI generic platform driver
[    1.108299] uhci_hcd: USB Universal Host Controller Interface driver
[    1.109024] i8042: PNP: PS/2 Controller [PNP0303:PS2K,PNP0f03:PS2M] at 0x60,0x64 irq 1,12
[    1.119644] serio: i8042 KBD port at 0x60,0x64 irq 1
[    1.122376] serio: i8042 AUX port at 0x60,0x64 irq 12
[    1.126134] mousedev: PS/2 mouse device common for all mice
[    1.130462] input: AT Translated Set 2 keyboard as /devices/platform/i8042/serio0/input/input2
[    1.136988] rtc_cmos rtc_cmos: rtc core: registered rtc_cmos as rtc0
[    1.141429] rtc_cmos rtc_cmos: alarms up to one day, 114 bytes nvram
[    1.145516] i2c /dev entries driver
[    1.147730] device-mapper: uevent: version 1.0.3
[    1.150789] device-mapper: ioctl: 4.37.0-ioctl (2017-09-20) initialised: dm-devel@redhat.com
[    1.156379] ledtrig-cpu: registered to indicate activity on CPUs
[    1.161071] NET: Registered protocol family 10
[    1.168980] Segment Routing with IPv6
[    1.171110] NET: Registered protocol family 17
[    1.174056] Key type dns_resolver registered
[    1.177098] mce: Using 0 MCE banks
[    1.179158] RAS: Correctable Errors collector initialized.
[    1.182359] sched_clock: Marking stable (1182325465, 0)->(1645030581, -462705116)
[    1.188261] registered taskstats version 1
[    1.190623] Loading compiled-in X.509 certificates
[    1.196511] Loaded X.509 cert 'Build time autogenerated kernel key: b5b26778eaa3ab3a4a6cee031137706e947d12ad'
[    1.202421] Loaded X.509 cert 'Canonical Ltd. Live Patch Signing: 14df34d1a87cf37625abec039ef2bf521249b969'
[    1.208465] Loaded X.509 cert 'Canonical Ltd. Kernel Module Signing: 88f752e560a1e0737e31163a466ad7b70a850c19'
[    1.214040] blacklist: Loading compiled-in revocation X.509 certificates
[    1.218473] Loaded X.509 cert 'Canonical Ltd. Secure Boot Signing: 61482aa2830d0ab2ad5af10b7250da9033ddcef0'
[    1.224213] Loaded X.509 cert 'Canonical Ltd. Secure Boot Signing (2017): 242ade75ac4a15e50d50c84b0d45ff3eae707a03'
[    1.230326] Loaded X.509 cert 'Canonical Ltd. Secure Boot Signing (ESM 2018): 365188c1d374d6b07c3c8f240f8ef722433d6a8b'
[    1.236635] Loaded X.509 cert 'Canonical Ltd. Secure Boot Signing (2019): c0746fd6c5da3ae827864651ad66ae47fe24b3e8'
[    1.244687] Loaded X.509 cert 'Canonical Ltd. Secure Boot Signing (2021 v1): a8d54bbb3825cfb94fa13c9f8a594a195c107b8d'
[    1.251878] Loaded X.509 cert 'Canonical Ltd. Secure Boot Signing (2021 v2): 4cf046892d6fd3c9a5b03f98d845f90851dc6a8c'
[    1.259191] Loaded X.509 cert 'Canonical Ltd. Secure Boot Signing (2021 v3): 100437bb6de6e469b581e61cd66bce3ef4ed53af'
[    1.266493] Loaded X.509 cert 'Canonical Ltd. Secure Boot Signing (Ubuntu Core 2019): c1d57b8f6b743f23ee41f4f7ee292f06eecadfb9'
[    1.274306] zswap: loaded using pool lzo/zbud
[    1.301673] Key type big_key registered
[    1.304295] Key type trusted registered
[    1.309581] Key type encrypted registered
[    1.312197] AppArmor: AppArmor sha1 policy hashing enabled
[    1.315704] ima: No TPM chip found, activating TPM-bypass! (rc=-19)
[    1.320134] ima: Allocated hash algorithm: sha1
[    1.323073] evm: HMAC attrs: 0x1
[    1.325873]   Magic number: 4:594:808
[    1.328744] rtc_cmos rtc_cmos: setting system clock to 2024-12-25 23:47:05 UTC (1735170425)
[    1.334471] BIOS EDD facility v0.16 2004-Jun-25, 0 devices found
[    1.338112] EDD information not available.
[    1.343589] Freeing unused kernel image memory: 2480K
[    1.368824] Write protecting the kernel read-only data: 20480k
[    1.376356] Freeing unused kernel image memory: 2008K
[    1.380768] Freeing unused kernel image memory: 1820K
[    1.389739] x86/mm: Checked W+X mappings: passed, no W+X pages found.
[    1.394011] x86/mm: Checking user space page tables
[    1.402272] x86/mm: Checked W+X mappings: passed, no W+X pages found.
Loading, please wait...
starting version 237
[    1.475245] e1000: Intel(R) PRO/1000 Network Driver - version 7.3.21-k8-NAPI
[    1.479544] e1000: Copyright (c) 1999-2006 Intel Corporation.
[    1.489709] Fusion MPT base driver 3.04.20
[    1.492437] Copyright (c) 1999-2008 LSI Corporation
[    1.501448] Fusion MPT SPI Host driver 3.04.20
[    1.509337] AVX2 version of gcm_enc/dec engaged.
[    1.512039] AES CTR mode by8 optimization enabled
[    1.714357] input: ImExPS/2 Generic Explorer Mouse as /devices/platform/i8042/serio1/input/input4
[    1.983450] e1000 0000:00:03.0 eth0: (PCI:33MHz:32-bit) 02:3b:7b:b7:3b:2d
[    1.987634] e1000 0000:00:03.0 eth0: Intel(R) PRO/1000 Network Connection
[    1.994279] e1000 0000:00:03.0 enp0s3: renamed from eth0
[    1.997848] mptbase: ioc0: Initiating bringup
[    2.111909] ioc0: LSI53C1030 A0: Capabilities={Initiator}
[    2.363205] scsi host2: ioc0: LSI53C1030 A0, FwRev=00000000h, Ports=1, MaxQ=256, IRQ=20
[    2.538859] scsi 2:0:0:0: Direct-Access     VBOX     HARDDISK         1.0  PQ: 0 ANSI: 5
[    2.577356] scsi target2:0:0: Beginning Domain Validation
[    2.586636] scsi target2:0:0: Domain Validation skipping write tests
[    2.591087] scsi target2:0:0: Ending Domain Validation
[    2.594759] scsi target2:0:0: asynchronous
[    2.598462] scsi 2:0:1:0: Direct-Access     VBOX     HARDDISK         1.0  PQ: 0 ANSI: 5
[    2.633237] scsi target2:0:1: Beginning Domain Validation
[    2.641885] scsi target2:0:1: Domain Validation skipping write tests
[    2.646288] scsi target2:0:1: Ending Domain Validation
[    2.649958] scsi target2:0:1: asynchronous
[    2.659495] sd 2:0:0:0: Attached scsi generic sg0 type 0
[    2.662974] sd 2:0:0:0: [sda] 83886080 512-byte logical blocks: (42.9 GB/40.0 GiB)
[    2.663705] sd 2:0:1:0: [sdb] 20480 512-byte logical blocks: (10.5 MB/10.0 MiB)
[    2.672559] sd 2:0:0:0: [sda] Write Protect is off
[    2.672696] sd 2:0:1:0: [sdb] Write Protect is off
[    2.678722] sd 2:0:1:0: Attached scsi generic sg1 type 0
[    2.679288] sd 2:0:1:0: [sdb] Incomplete mode parameter data
[    2.686556] sd 2:0:1:0: [sdb] Assuming drive cache: write through
[    2.690237] sd 2:0:0:0: [sda] Incomplete mode parameter data
[    2.694434] sd 2:0:0:0: [sda] Assuming drive cache: write through
[    2.701761] sd 2:0:1:0: [sdb] Attached SCSI disk
[    2.704631]  sda: sda1
[    2.708198] sd 2:0:0:0: [sda] Attached SCSI disk
Begin: Loading essential drivers ... [    4.753034] raid6: sse2x1   gen() 13415 MB/s
[    4.804031] raid6: sse2x1   xor()  9092 MB/s
[    4.873027] raid6: sse2x2   gen() 16294 MB/s
[    4.940414] raid6: sse2x2   xor() 10602 MB/s
[    5.000980] raid6: sse2x4   gen() 18440 MB/s
[    5.048555] raid6: sse2x4   xor() 11289 MB/s
[    5.096283] raid6: avx2x1   gen() 26496 MB/s
[    5.165093] raid6: avx2x1   xor() 18264 MB/s
[    5.212380] raid6: avx2x2   gen() 30792 MB/s
[    5.260338] raid6: avx2x2   xor() 19611 MB/s
[    5.344344] raid6: avx2x4   gen() 36539 MB/s
[    5.392110] raid6: avx2x4   xor() 21010 MB/s
[    5.395017] raid6: using algorithm avx2x4 gen() 36539 MB/s
[    5.398195] raid6: .... xor() 21010 MB/s, rmw enabled
[    5.401164] raid6: using avx2x2 recovery algorithm
[    5.405538] xor: automatically using best checksumming function   avx       
[    5.410852] async_tx: api initialized (async)
done.
Begin: Running /scripts/init-premount ... done.
Begin: Mounting root file system ... Begin: Running /scripts/local-top ... done.
Begin: Running /scripts/local-premount ... [    5.462798] Btrfs loaded, crc32c=crc32c-intel
Scanning for Btrfs filesystems
done.
Warning: fsck not present, so skipping root file system
[    5.496470] EXT4-fs (sda1): mounted filesystem with ordered data mode. Opts: (null)
done.
Begin: Running /scripts/local-bottom ... done.
Begin: Running /scripts/init-bottom ... done.
[    5.704571] ip_tables: (C) 2000-2006 Netfilter Core Team
[    5.717925] systemd[1]: systemd 237 running in system mode. (+PAM +AUDIT +SELINUX +IMA +APPARMOR +SMACK +SYSVINIT +UTMP +LIBCRYPTSETUP +GCRYPT +GNUTLS +ACL +XZ +LZ4 +SECCOMP +BLKID +ELFUTILS +KMOD -IDN2 +IDN -PCRE2 default-hierarchy=hybrid)
[    5.730169] systemd[1]: Detected virtualization oracle.
[    5.733432] systemd[1]: Detected architecture x86-64.

Welcome to [1mUbuntu 18.04.6 LTS[0m!

[    5.751786] systemd[1]: Set hostname to <ubuntu>.
[    5.757803] systemd[1]: Initializing machine ID from random generator.
[    5.761745] systemd[1]: Installed transient /etc/machine-id file.
[    6.017253] systemd[1]: Set up automount Arbitrary Executable File Formats File System Automount Point.
[[0;32m  OK  [0m] Set up automount Arbitrary Executabâ€¦rmats File System Automount Point.
[    6.031538] systemd[1]: Created slice System Slice.
[[0;32m  OK  [0m] Created slice System Slice.
[    6.037062] systemd[1]: Listening on LVM2 metadata daemon socket.
[[0;32m  OK  [0m] Listening on LVM2 metadata daemon socket.
[    6.043482] systemd[1]: Listening on Journal Socket.
[[0;32m  OK  [0m] Listening on Journal Socket.
         Mounting Huge Pages File System...
[[0;32m  OK  [0m] Listening on LVM2 poll daemon socket.
         Mounting Kernel Debug File System...
[[0;32m  OK  [0m] Listening on udev Control Socket.
[[0;32m  OK  [0m] Listening on /dev/initctl Compatibility Named Pipe.
[[0;32m  OK  [0m] Listening on Journal Socket (/dev/log).
[[0;32m  OK  [0m] Created slice system-serial\x2dgetty.slice.
[[0;32m  OK  [0m] Created slice User and Session Slice.
[[0;32m  OK  [0m] Reached target Slices.
[[0;32m  OK  [0m] Reached target System Time Synchronized.
         Starting Load Kernel Modules...
[[0;32m  OK  [0m] Reached target User and Group Name Lookups.
[[0;32m  OK  [0m] Started Forward Password Requests to Wall Directory Watch.
         Starting Set the console keyboard layout...
         Starting Uncomplicated firewall...
[[0;32m  OK  [0m] Listening on Device-mapper event daemon FIFOs.
         Starting Monitoring of LVM2 mirrorsâ€¦ng dmeventd or progress polling...
[[0;32m  OK  [0m[    6.099853] Loading iSCSI transport class v2.0-870.
] Reached target Swap.
[[0;32m  OK  [0m] Listening on fsck to fsckd communication Socket.
         Starting File System Check on Root Device...
[[0;32m  OK  [0m] [    6.112066] iscsi: registered transport (tcp)
Listening on udev Kernel Socket.
         Starting udev Coldplug all Devices...
         Mounting POSIX Message Queue File System...
[[0;32m  OK  [0m] Listening on Syslog Socket.
[[0;32m  OK  [0m] Listening on Journal Audit Socket.
         Starting Journal Service...
[[0;32m  OK  [0m] Listening on Network Service Netlink Socket.
         Starting Create list of required stâ€¦ce nodes for the current kernel...
[[0;32m  OK  [0m] Reached target Mounting snaps.
[[0;32m  OK  [0m] Reached target Mounted snaps.
[[0;32m  OK  [0m] Mounted Huge Pages File System.
[[0;32m  OK  [0m] Mounted Kernel Debug File System.
[[0;32m  OK  [0m] Started Uncomplicated firewall.
[[0;32m  OK  [0m] Mounted POSIX Message Queue File System.
[[0;32m  OK  [0m] Started File System Check Daemon to report status.
[[0;32m  OK  [0m] Started LVM2 metadata daemon.
[[0;32m  OK  [0m] Started Journal Service.
[[0;32m  OK  [0m] Started Create list of required staâ€¦vice nodes for the current kernel.
         Starting Create Static Device Nodes in /dev...
[    6.254647] iscsi: registered transport (iser)
[[0;32m  OK  [0m] Started Load Kernel Modules.
         Mounting FUSE Control File System...
         Mounting Kernel Configuration File System...
         Starting Apply Kernel Variables...
[[0;32m  OK  [0m] Mounted FUSE Control File System.
[[0;32m  OK  [0m] Started udev Coldplug all Devices.
[[0;32m  OK  [0m] Mounted Kernel Configuration File System.
[[0;32m  OK  [0m] Started File System Check on Root Device.
         Starting Remount Root and Kernel File Systems...
[[0;32m  OK  [0m] Started Create Static Device Nodes in /dev.
[[0;32m  OK  [0m] Started Apply Kernel Variables.
[[0;32m  OK  [0m] Started Remount Root and Kernel File Systems.
         Starting Load/Save Random Seed...
         Starting Flush Journal to Persistent Storage...
         Starting udev Kernel Device Manager...
[[0;32m  OK  [0m] Started Monitoring of LVM2 mirrors,â€¦sing dmeventd or progress polling.
[[0;32m  OK  [0m] Started Load/Save Random Seed.
[[0;32m  OK  [0m] Started udev Kernel Device Manager.
[[0;32m  OK  [0m] Started Flush Journal to Persistent Storage.
[[0;32m  OK  [0m] Found device /dev/ttyS0.
[[0;32m  OK  [0m] Listening on Load/Save RF Kill Switch Status /dev/rfkill Watch.
         Mounting Arbitrary Executable File Formats File System...
[[0;32m  OK  [0m] Mounted Arbitrary Executable File Formats File System.
[[0;32m  OK  [0m] Started Set the console keyboard layout.
[[0;32m  OK  [0m] Started Dispatch Password Requests to Console Directory Watch.
[[0;32m  OK  [0m] Reached target Local Encrypted Volumes.
[[0;32m  OK  [0m] Reached target Local File Systems (Pre).
[[0;32m  OK  [0m] Reached target Local File Systems.
         Starting AppArmor initialization...
         Starting Tell Plymouth To Write Out Runtime Data...
         Starting Commit a transient machine-id on disk...
         Starting Set console font and keymap...
         Starting ebtables ruleset management...
         Starting Create Volatile Files and Directories...
[[0;32m  OK  [0m] Started Tell Plymouth To Write Out Runtime Data.
[[0;32m  OK  [0m] Started Create Volatile Files and Directories.
         Starting Update UTMP about System Boot/Shutdown...
[[0;32m  OK  [0m] Started Update UTMP about System Boot/Shutdown.
[[0;32m  OK  [0m] Started ebtables ruleset management.
[[0;32m  OK  [0m] Started Commit a transient machine-id on disk.
[[0;32m  OK  [0m] Started AppArmor initialization.
         Starting Load AppArmor profiles managed internally by snapd...
         Starting Initial cloud-init job (pre-networking)...
[[0;32m  OK  [0m] Started Load AppArmor profiles managed internally by snapd.
[[0;32m  OK  [0m] Started Set console font and keymap.
[    9.846023] cloud-init[856]: Cloud-init v. 23.1.2-0ubuntu0~18.04.1 running 'init-local' at Wed, 25 Dec 2024 23:47:13 +0000. Up 9.53 seconds.
[[0;32m  OK  [0m] Started Initial cloud-init job (pre-networking).
[[0;32m  OK  [0m] Reached target Network (Pre).
         Starting Network Service...
[[0;32m  OK  [0m] Started Network Service.
         Starting Wait for Network to be Configured...
         Starting Network Name Resolution...
[[0;32m  OK  [0m] Started Network Name Resolution.
[[0;32m  OK  [0m] Reached target Network.
[[0;32m  OK  [0m] Reached target Host and Network Name Lookups.
[[0;32m  OK  [0m] Started Wait for Network to be Configured.
         Starting Initial cloud-init job (metadata service crawler)...
[   12.084696] cloud-init[1010]: Cloud-init v. 23.1.2-0ubuntu0~18.04.1 running 'init' at Wed, 25 Dec 2024 23:47:16 +0000. Up 11.95 seconds.
[   12.087913] cloud-init[1010]: ci-info: ++++++++++++++++++++++++++++++++++++++Net device info++++++++++++++++++++++++++++++++++++++
[   12.091070] cloud-init[1010]: ci-info: +--------+------+----------------------------+---------------+--------+-------------------+
[   12.094223] cloud-init[1010]: ci-info: | Device |  Up  |          Address           |      Mask     | Scope  |     Hw-Address    |
[   12.097666] cloud-init[1010]: ci-info: +--------+------+----------------------------+---------------+--------+-------------------+
[   12.100616] cloud-init[1010]: ci-info: | enp0s3 | True |         10.0.2.15          | 255.255.255.0 | global | 02:3b:7b:b7:3b:2d |
[   12.103552] cloud-init[1010]: ci-info: | enp0s3 | True | fe80::3b:7bff:feb7:3b2d/64 |       .       |  link  | 02:3b:7b:b7:3b:2d |
[   12.106964] cloud-init[1010]: ci-info: |   lo   | True |         127.0.0.1          |   255.0.0.0   |  host  |         .         |
[   12.109992] cloud-init[1010]: ci-info: |   lo   | True |          ::1/128           |       .       |  host  |         .         |
[   12.113144] cloud-init[1010]: ci-info: +--------+------+----------------------------+---------------+--------+-------------------+
[   12.116179] cloud-init[1010]: ci-info: ++++++++++++++++++++++++++++Route IPv4 info+++++++++++++++++++++++++++++
[   12.119171] cloud-init[1010]: ci-info: +-------+-------------+----------+-----------------+-----------+-------+
[   12.122344] cloud-init[1010]: ci-info: | Route | Destination | Gateway  |     Genmask     | Interface | Flags |
[   12.125448] cloud-init[1010]: ci-info: +-------+-------------+----------+-----------------+-----------+-------+
[   12.128097] cloud-init[1010]: ci-info: |   0   |   0.0.0.0   | 10.0.2.2 |     0.0.0.0     |   enp0s3  |   UG  |
[   12.131114] cloud-init[1010]: ci-info: |   1   |   10.0.2.0  | 0.0.0.0  |  255.255.255.0  |   enp0s3  |   U   |
[   12.133694] cloud-init[1010]: ci-info: |   2   |   10.0.2.2  | 0.0.0.0  | 255.255.255.255 |   enp0s3  |   UH  |
[   12.136341] cloud-init[1010]: ci-info: +-------+-------------+----------+-----------------+-----------+-------+
[   12.138882] cloud-init[1010]: ci-info: +++++++++++++++++++Route IPv6 info+++++++++++++++++++
[   12.141522] cloud-init[1010]: ci-info: +-------+-------------+---------+-----------+-------+
[   12.143756] cloud-init[1010]: ci-info: | Route | Destination | Gateway | Interface | Flags |
[   12.146007] cloud-init[1010]: ci-info: +-------+-------------+---------+-----------+-------+
[   12.148223] cloud-init[1010]: ci-info: |   1   |  fe80::/64  |    ::   |   enp0s3  |   U   |
[   12.150799] cloud-init[1010]: ci-info: |   3   |    local    |    ::   |   enp0s3  |   U   |
[   12.153837] cloud-init[1010]: ci-info: |   4   |   ff00::/8  |    ::   |   enp0s3  |   U   |
[   12.156321] cloud-init[1010]: ci-info: +-------+-------------+---------+-----------+-------+
[   12.790893] cloud-init[1010]: Generating public/private rsa key pair.
[   12.793281] cloud-init[1010]: Your identification has been saved in /etc/ssh/ssh_host_rsa_key.
[   12.796079] cloud-init[1010]: Your public key has been saved in /etc/ssh/ssh_host_rsa_key.pub.
[   12.798360] cloud-init[1010]: The key fingerprint is:
[   12.799876] cloud-init[1010]: SHA256:uavSHmcWzLNwm2aoxAmbbgvyRDL2nyU9lPITDIWAF3M root@ubuntu-bionic
[   12.802356] cloud-init[1010]: The key's randomart image is:
[   12.803961] cloud-init[1010]: +---[RSA 2048]----+
[   12.805457] cloud-init[1010]: |  .+oE..         |
[   12.806814] cloud-init[1010]: | . .o..          |
[   12.808216] cloud-init[1010]: |  .  .           |
[   12.809504] cloud-init[1010]: |      oo..       |
[   12.810904] cloud-init[1010]: |o.o  ..=S        |
[   12.812325] cloud-init[1010]: |.+.= .=+.B       |
[   12.813637] cloud-init[1010]: |o +.+oo*@        |
[   12.814949] cloud-init[1010]: |.=..o.=Bo.       |
[   12.816305] cloud-init[1010]: | .+..=o..        |
[   12.817623] cloud-init[1010]: +----[SHA256]-----+
[   12.818944] cloud-init[1010]: Generating public/private dsa key pair.
[   12.820710] cloud-init[1010]: Your identification has been saved in /etc/ssh/ssh_host_dsa_key.
[   12.823332] cloud-init[1010]: Your public key has been saved in /etc/ssh/ssh_host_dsa_key.pub.
[   12.825615] cloud-init[1010]: The key fingerprint is:
[   12.826995] cloud-init[1010]: SHA256:w1cn0rdsd/E8LrBqpkTb2lghssl0MmBnDA63dzqNNts root@ubuntu-bionic
[   12.829797] cloud-init[1010]: The key's randomart image is:
[   12.831734] cloud-init[1010]: +---[DSA 1024]----+
[   12.833290] cloud-init[1010]: | . o             |
[   12.834957] cloud-init[1010]: |  + +      .     |
[   12.836687] cloud-init[1010]: |   = = .  . + o. |
[   12.838457] cloud-init[1010]: |  . = =.   o = oo|
[   12.839916] cloud-init[1010]: |     @ =S...  +.=|
[   12.841245] cloud-init[1010]: |    + & +o. o...o|
[   12.842803] cloud-init[1010]: |     = E o . . . |
[   12.844066] cloud-init[1010]: |      . =o.   .  |
[   12.845322] cloud-init[1010]: |       ++o       |
[   12.846593] cloud-init[1010]: +----[SHA256]-----+
[   12.847868] cloud-init[1010]: Generating public/private ecdsa key pair.
[   12.849652] cloud-init[1010]: Your identification has been saved in /etc/ssh/ssh_host_ecdsa_key.
[   12.851886] cloud-init[1010]: Your public key has been saved in /etc/ssh/ssh_host_ecdsa_key.pub.
[   12.854168] cloud-init[1010]: The key fingerprint is:
[   12.855499] cloud-init[1010]: SHA256:hICmQPqVNoEekvZLtAo3BdAXfbfGb6y0kWP/cj41zII root@ubuntu-bionic
[   12.857832] cloud-init[1010]: The key's randomart image is:
[   12.859266] cloud-init[1010]: +---[ECDSA 256]---+
[   12.860584] cloud-init[1010]: |o=.++o           |
[   12.861879] cloud-init[1010]: |=.*.o+... .      |
[   12.863173] cloud-init[1010]: |+=o+* ...o .     |
[   12.864505] cloud-init[1010]: |o.+* . .  +      |
[   12.865779] cloud-init[1010]: |..+..   S. +. o  |
[   12.867043] cloud-init[1010]: | . .      *E+. +.|
[   12.868359] cloud-init[1010]: |         o B  ...|
[   12.869621] cloud-init[1010]: |          o o o  |
[   12.870873] cloud-init[1010]: |             =o. |
[   12.872266] cloud-init[1010]: +----[SHA256]-----+
[   12.873910] cloud-init[1010]: Generating public/private ed25519 key pair.
[   12.875635] cloud-init[1010]: Your identification has been saved in /etc/ssh/ssh_host_ed25519_key.
[   12.877922] cloud-init[1010]: Your public key has been saved in /etc/ssh/ssh_host_ed25519_key.pub.
[   12.880238] cloud-init[1010]: The key fingerprint is:
[   12.881594] cloud-init[1010]: SHA256:Y55XBUyBo01ZQOy/SQKWadSlu/UVI6i+NNEuCPLap7Y root@ubuntu-bionic
[   12.884439] cloud-init[1010]: The key's randomart image is:
[   12.885870] cloud-init[1010]: +--[ED25519 256]--+
[   12.887167] cloud-init[1010]: |         +oO*.   |
[   12.888471] cloud-init[1010]: |        . B.o.   |
[   12.889775] cloud-init[1010]: |       . B.o ..o |
[   12.891035] cloud-init[1010]: |        B =. .. o|
[   12.892319] cloud-init[1010]: |   . . oS+.oo   .|
[   12.893610] cloud-init[1010]: |    o .ooo++o. . |
[   12.894880] cloud-init[1010]: |     . .o=o+ o.  |
[   12.896654] cloud-init[1010]: |    o. ...+ o    |
[   12.898010] cloud-init[1010]: |   ..E+  .       |
[   12.899340] cloud-init[1010]: +----[SHA256]-----+
[[0;32m  OK  [0m] Started Initial cloud-init job (metadata service crawler).
[[0;32m  OK  [0m] Reached target Network is Online.
[[0;32m  OK  [0m] Reached target Remote File Systems (Pre).
[[0;32m  OK  [0m] Reached target Remote File Systems.
         Starting Availability of block devices...
[[0;32m  OK  [0m] Reached target Cloud-config availability.
[[0;32m  OK  [0m] Reached target System Initialization.
[[0;32m  OK  [0m] Started Discard unused blocks once a week.
[[0;32m  OK  [0m] Started ACPI Events Check.
[[0;32m  OK  [0m] Started Message of the Day.
[[0;32m  OK  [0m] Listening on UUID daemon activation socket.
[[0;32m  OK  [0m] Listening on Open-iSCSI iscsid Socket.
         Starting Socket activation for snappy daemon.
         Starting LXD - unix socket.
[[0;32m  OK  [0m] Listening on D-Bus System Message Bus Socket.
[[0;32m  OK  [0m] Started Ubuntu Advantage Timer for running repeated jobs.
[[0;32m  OK  [0m] Listening on ACPID Listen Socket.
[[0;32m  OK  [0m] Listening on cloud-init hotplug hook socket.
[[0;32m  OK  [0m] Started Daily apt download activities.
[[0;32m  OK  [0m] Started Daily apt upgrade and clean activities.
[[0;32m  OK  [0m] Started Daily Cleanup of Temporary Directories.
[[0;32m  OK  [0m] Reached target Timers.
[[0;32m  OK  [0m] Reached target Paths.
[[0;32m  OK  [0m] Started Availability of block devices.
[[0;32m  OK  [0m] Listening on Socket activation for snappy daemon.
[[0;32m  OK  [0m] Listening on LXD - unix socket.
[[0;32m  OK  [0m] Reached target Sockets.
[[0;32m  OK  [0m] Reached target Basic System.
         Starting LXD - container startup/shutdown...
         Starting Permit User Sessions...
         Starting Accounts Service...
         Starting Pollinate to seed the pseudo random number generator...
[[0;32m  OK  [0m] Started D-Bus System Message Bus.
[[0;32m  OK  [0m] Started FUSE filesystem for LXC.
         Starting Virtualbox guest utils...
[[0;32m  OK  [0m] Started Regular background program processing daemon.
         Starting Dispatcher daemon for systemd-networkd...
         Starting LSB: automatic crash report generation...
[[0;32m  OK  [0m] Reached target Login Prompts (Pre).
         Starting LSB: Record successful boot for GRUB...
[[0;32m  OK  [0m] Started Deferred execution scheduler.
         Starting Login Service...
         Starting Snap Daemon...
[[0;32m  OK  [0m] Started irqbalance daemon.
         Starting System Logging Service...
[[0;32m  OK  [0m] Started LXD - container startup/shutdown.
[[0;32m  OK  [0m] Started Permit User Sessions.
[[0;32m  OK  [0m] Started System Logging Service.
[[0;32m  OK  [0m] Started Login Service.
[[0;32m  OK  [0m] Started Unattended Upgrades Shutdown.
         Starting Authorization Manager...
         Starting Hold until boot process finishes up...
         Starting Terminate Plymouth Boot Screen...
[[0;32m  OK  [0m] Started Hold until boot process finishes up.
         Starting Set console scheme...
[[0;32m  OK  [0m] Started Serial Getty on ttyS0.
[[0;32m  OK  [0m] Started Terminate Plymouth Boot Screen.
[[0;32m  OK  [0m] Started Authorization Manager.
[[0;32m  OK  [0m] Started Accounts Service.
[[0;32m  OK  [0m] Started Set console scheme.
[[0;32m  OK  [0m] Created slice system-getty.slice.
[[0;32m  OK  [0m] Started Getty on tty1.
[[0;32m  OK  [0m] Reached target Login Prompts.
[[0;32m  OK  [0m] Started LSB: automatic crash report generation.
[[0;32m  OK  [0m] Started LSB: Record successful boot for GRUB.
[[0;32m  OK  [0m] Started Virtualbox guest utils.
[[0;32m  OK  [0m] Started Dispatcher daemon for systemd-networkd.
[[0;32m  OK  [0m] Started Snap Daemon.
         Starting Wait until snapd is fully seeded...
         Starting Time & Date Service...
[[0;32m  OK  [0m] Started Time & Date Service.

Ubuntu 18.04.6 LTS ubuntu-bionic ttyS0

ubuntu-bionic login: [   22.121169] cloud-init[1905]: Cloud-init v. 23.1.2-0ubuntu0~18.04.1 running 'modules:config' at Wed, 25 Dec 2024 23:47:25 +0000. Up 21.70 seconds.
ci-info: no authorized SSH keys fingerprints found for user ubuntu.
<14>Dec 25 23:47:26 cloud-init: #############################################################
<14>Dec 25 23:47:26 cloud-init: -----BEGIN SSH HOST KEY FINGERPRINTS-----
<14>Dec 25 23:47:26 cloud-init: 1024 SHA256:w1cn0rdsd/E8LrBqpkTb2lghssl0MmBnDA63dzqNNts root@ubuntu-bionic (DSA)
<14>Dec 25 23:47:26 cloud-init: 256 SHA256:hICmQPqVNoEekvZLtAo3BdAXfbfGb6y0kWP/cj41zII root@ubuntu-bionic (ECDSA)
<14>Dec 25 23:47:26 cloud-init: 256 SHA256:Y55XBUyBo01ZQOy/SQKWadSlu/UVI6i+NNEuCPLap7Y root@ubuntu-bionic (ED25519)
<14>Dec 25 23:47:26 cloud-init: 2048 SHA256:uavSHmcWzLNwm2aoxAmbbgvyRDL2nyU9lPITDIWAF3M root@ubuntu-bionic (RSA)
<14>Dec 25 23:47:26 cloud-init: -----END SSH HOST KEY FINGERPRINTS-----
<14>Dec 25 23:47:26 cloud-init: #############################################################
-----BEGIN SSH HOST KEY KEYS-----
ecdsa-sha2-nistp256 AAAAE2VjZHNhLXNoYTItbmlzdHAyNTYAAAAIbmlzdHAyNTYAAABBBAtRuZbC+QdCrQwp/fUHw7tkge4eECkjcj/rQjxuCd8EHxR1BHA965WyZadnch74Kn/rpCfzxgG0Ohms0LFM0wg= root@ubuntu-bionic
ssh-ed25519 AAAAC3NzaC1lZDI1NTE5AAAAIGtKBdbqN8gBDkwJ1wvlC8Py8R33zueUDAzmc58fGo6D root@ubuntu-bionic
ssh-rsa AAAAB3NzaC1yc2EAAAADAQABAAABAQCwYW4vSFKnbBStBPX7eB10LyMUHXxtN7bGKzKU7Vbak9BCDALsDU5tEGWNcmsyiuOz7m5lfexW5JDFEmih3Y7fqhGQytCanLRPtLYmQ2r+RI/Egq1OyEKo8cVLFsW1SOM6y9Yk+jCgMiuaP2g1OtwFRr0IYEak+kyLxW4lqJlS5T325BBvauSSIol0ovbuqCk6WZwjEQQARf36xA1x/uPwXxvn/dDXFFwW/D6iXRTx4DacY3I/UT1CadRzyLugI/I9uMy/BPntipSzZJ+lzBJpFFoqJZ9/wk45kbrLL8qeNKs/SqYTtSfpUj0uhhoXyoNu4G3hvm13isgDvbJjPpf/ root@ubuntu-bionic
-----END SSH HOST KEY KEYS-----
[   22.752607] cloud-init[2063]: Cloud-init v. 23.1.2-0ubuntu0~18.04.1 running 'modules:final' at Wed, 25 Dec 2024 23:47:26 +0000. Up 22.59 seconds.
[   22.753226] cloud-init[2063]: Cloud-init v. 23.1.2-0ubuntu0~18.04.1 finished at Wed, 25 Dec 2024 23:47:26 +0000. Datasource DataSourceNoCloud [seed=/dev/sdb][dsmode=net].  Up 22.74 seconds
